export type SomeData = {
id?: number
name: string
};
