export type SomeData = {
collection: {%class Illuminate\Pagination\CursorPaginator%}<{%class Spatie\LaravelData\Tests\Fakes\SimpleData%}>
collectionWithNull: {%class Illuminate\Pagination\CursorPaginator%}<{%class Spatie\LaravelData\Tests\Fakes\SimpleData%}> | null
collectionWithNullable: {%class Illuminate\Pagination\CursorPaginator%}<{%class Spatie\LaravelData\Tests\Fakes\SimpleData%}> | null
optionalCollection?: {%class Illuminate\Pagination\CursorPaginator%}<{%class Spatie\LaravelData\Tests\Fakes\SimpleData%}>
optionalCollectionWithNullable?: {%class Illuminate\Pagination\CursorPaginator%}<{%class Spatie\LaravelData\Tests\Fakes\SimpleData%}> | null
lazyCollection?: {%class Illuminate\Pagination\CursorPaginator%}<{%class Spatie\LaravelData\Tests\Fakes\SimpleData%}>
lazyCollectionWithNullable?: {%class Illuminate\Pagination\CursorPaginator%}<{%class Spatie\LaravelData\Tests\Fakes\SimpleData%}> | null
};
