export type SomeData = {
collection: Array<{%class Spatie\LaravelData\Tests\Fakes\SimpleData%}>
collectionWithNull: Array<{%class Spatie\LaravelData\Tests\Fakes\SimpleData%}> | null
collectionWithNullable: Array<{%class Spatie\LaravelData\Tests\Fakes\SimpleData%}> | null
optionalCollection?: Array<{%class Spatie\LaravelData\Tests\Fakes\SimpleData%}>
optionalCollectionWithNullable?: Array<{%class Spatie\LaravelData\Tests\Fakes\SimpleData%}> | null
lazyCollection?: Array<{%class Spatie\LaravelData\Tests\Fakes\SimpleData%}>
lazyCollectionWithNullable?: Array<{%class Spatie\LaravelData\Tests\Fakes\SimpleData%}> | null
};
